// Jest Snapshot v1, https://goo.gl/fbAQLP

exports[`reload render correctly 1`] = `
<div
  id="reload"
>
  <div
    className="text"
  >
    Unfortunately, something bad happened,Please try to reload it
  </div>
  <div
    className="reload-icon"
  >
    <img
      alt="refresh"
      className="reload-image"
      onClick={[Function]}
      src="refresh.png"
    />
  </div>
</div>
`;
